{
    "Run with multiple fq per sample": {
        "content": [
            48,
            {
                "ARRIBA_ARRIBA": {
                    "arriba": "2.4.0"
                },
                "ARRIBA_TO_CFF": {
                    "R": "R version 4.4.2 (2024-10-31) -- \"Pile of Leaves\"",
                    "make_cff_from_forte.R": "0.0.1"
                },
                "FASTP": {
                    "fastp": "0.23.2"
                },
                "FEATURECOUNTS_GENE": {
                    "subread": "2.0.1"
                },
                "GATK4_BEDTOINTERVALLIST": {
                    "gatk4": "4.5.0.0"
                },
                "GATK4_CREATESEQUENCEDICTIONARY": {
                    "gatk4": "4.5.0.0"
                },
                "GATK4_SAMTOFASTQ": {
                    "gatk4": "4.6.1.0"
                },
                "KALLISTO_INDEX": {
                    "kallisto": "0.46.2"
                },
                "PICARD_COLLECTRNASEQMETRICS": {
                    "picard": "2.27.4-SNAPSHOT"
                },
                "RSEQC_BAMSTAT": {
                    "rseqc": "3.0.1"
                },
                "RSEQC_INNERDISTANCE": {
                    "rseqc": "3.0.1"
                },
                "SAMTOOLS_INDEX": {
                    "samtools": "1.16.1"
                },
                "SAMTOOLS_INDEX_DEDUP": {
                    "samtools": "1.16.1"
                },
                "STAR_ALIGN": {
                    "star": "2.7.10a",
                    "samtools": 1.18,
                    "gawk": "5.1.0"
                },
                "STAR_GENOMEGENERATE": {
                    "star": "2.7.10a",
                    "samtools": 1.18,
                    "gawk": "5.1.0"
                },
                "UCSC_GENEPREDTOBED": {
                    "ucsc": 377
                },
                "UCSC_GTFTOGENEPRED": {
                    "ucsc": 377
                },
                "UMITOOLS_DEDUP": {
                    "umitools": "1.1.4"
                },
                "UMITOOLS_EXTRACT": {
                    "umitools": "1.1.4"
                },
                "Workflow": {
                    "mskcc/forte": "v1.0.1"
                }
            },
            [
                "analysis/SAMPLE_PAIRED_END/STAR",
                "analysis/SAMPLE_PAIRED_END/STAR/SAMPLE_PAIRED_END.Aligned.sortedByCoord.out.bam",
                "analysis/SAMPLE_PAIRED_END/STAR/SAMPLE_PAIRED_END.Aligned.sortedByCoord.out.bam.bai",
                "analysis/SAMPLE_PAIRED_END/STAR/log",
                "analysis/SAMPLE_PAIRED_END/STAR/log/SAMPLE_PAIRED_END.Log.final.out",
                "analysis/SAMPLE_PAIRED_END/STAR/log/SAMPLE_PAIRED_END.Log.out",
                "analysis/SAMPLE_PAIRED_END/STAR/log/SAMPLE_PAIRED_END.Log.progress.out",
                "analysis/SAMPLE_PAIRED_END/STAR/log/SAMPLE_PAIRED_END.SJ.out.tab",
                "analysis/SAMPLE_PAIRED_END/arriba",
                "analysis/SAMPLE_PAIRED_END/arriba/SAMPLE_PAIRED_END.fusions.discarded.tsv",
                "analysis/SAMPLE_PAIRED_END/arriba/SAMPLE_PAIRED_END.fusions.tsv",
                "analysis/SAMPLE_PAIRED_END/arriba/SAMPLE_PAIRED_END_arriba.cff",
                "analysis/SAMPLE_PAIRED_END/fastp",
                "analysis/SAMPLE_PAIRED_END/fastp/SAMPLE_PAIRED_END@SRR5665260.1.36873006@@SAMPLE_PAIRED_END_T1.fastp.html",
                "analysis/SAMPLE_PAIRED_END/fastp/SAMPLE_PAIRED_END@SRR5665260.1.36873006@@SAMPLE_PAIRED_END_T1.fastp.json",
                "analysis/SAMPLE_PAIRED_END/fastp/SAMPLE_PAIRED_END@SRR5665260.1.36873006@@SAMPLE_PAIRED_END_T1.fastp.log",
                "analysis/SAMPLE_PAIRED_END/fastp/SAMPLE_PAIRED_END@SRR5665260.1.36873006@@SAMPLE_PAIRED_END_T1_1.fastp.fastq.gz",
                "analysis/SAMPLE_PAIRED_END/fastp/SAMPLE_PAIRED_END@SRR5665260.1.36873006@@SAMPLE_PAIRED_END_T1_2.fastp.fastq.gz",
                "analysis/SAMPLE_PAIRED_END/fastp/SAMPLE_PAIRED_END@SRR6357070.25017281@@SAMPLE_PAIRED_END_T2.fastp.html",
                "analysis/SAMPLE_PAIRED_END/fastp/SAMPLE_PAIRED_END@SRR6357070.25017281@@SAMPLE_PAIRED_END_T2.fastp.json",
                "analysis/SAMPLE_PAIRED_END/fastp/SAMPLE_PAIRED_END@SRR6357070.25017281@@SAMPLE_PAIRED_END_T2.fastp.log",
                "analysis/SAMPLE_PAIRED_END/fastp/SAMPLE_PAIRED_END@SRR6357070.25017281@@SAMPLE_PAIRED_END_T2_1.fastp.fastq.gz",
                "analysis/SAMPLE_PAIRED_END/fastp/SAMPLE_PAIRED_END@SRR6357070.25017281@@SAMPLE_PAIRED_END_T2_2.fastp.fastq.gz",
                "analysis/SAMPLE_PAIRED_END/featurecounts",
                "analysis/SAMPLE_PAIRED_END/featurecounts/SAMPLE_PAIRED_END.gene.featureCounts.txt",
                "analysis/SAMPLE_PAIRED_END/featurecounts/SAMPLE_PAIRED_END.gene.featureCounts.txt.summary",
                "analysis/SAMPLE_PAIRED_END/multiqc",
                "analysis/SAMPLE_PAIRED_END/multiqc/dupbam_multiqc_report.html",
                "analysis/SAMPLE_PAIRED_END/multiqc/dupbam_multiqc_report_data",
                "analysis/SAMPLE_PAIRED_END/multiqc/dupbam_multiqc_report_data/fastp-insert-size-plot.txt",
                "analysis/SAMPLE_PAIRED_END/multiqc/dupbam_multiqc_report_data/fastp-seq-content-gc-plot_Read_1_After_filtering.txt",
                "analysis/SAMPLE_PAIRED_END/multiqc/dupbam_multiqc_report_data/fastp-seq-content-gc-plot_Read_1_Before_filtering.txt",
                "analysis/SAMPLE_PAIRED_END/multiqc/dupbam_multiqc_report_data/fastp-seq-content-gc-plot_Read_2_After_filtering.txt",
                "analysis/SAMPLE_PAIRED_END/multiqc/dupbam_multiqc_report_data/fastp-seq-content-gc-plot_Read_2_Before_filtering.txt",
                "analysis/SAMPLE_PAIRED_END/multiqc/dupbam_multiqc_report_data/fastp-seq-content-n-plot_Read_1_After_filtering.txt",
                "analysis/SAMPLE_PAIRED_END/multiqc/dupbam_multiqc_report_data/fastp-seq-content-n-plot_Read_1_Before_filtering.txt",
                "analysis/SAMPLE_PAIRED_END/multiqc/dupbam_multiqc_report_data/fastp-seq-content-n-plot_Read_2_After_filtering.txt",
                "analysis/SAMPLE_PAIRED_END/multiqc/dupbam_multiqc_report_data/fastp-seq-content-n-plot_Read_2_Before_filtering.txt",
                "analysis/SAMPLE_PAIRED_END/multiqc/dupbam_multiqc_report_data/fastp-seq-quality-plot_Read_1_After_filtering.txt",
                "analysis/SAMPLE_PAIRED_END/multiqc/dupbam_multiqc_report_data/fastp-seq-quality-plot_Read_1_Before_filtering.txt",
                "analysis/SAMPLE_PAIRED_END/multiqc/dupbam_multiqc_report_data/fastp-seq-quality-plot_Read_2_After_filtering.txt",
                "analysis/SAMPLE_PAIRED_END/multiqc/dupbam_multiqc_report_data/fastp-seq-quality-plot_Read_2_Before_filtering.txt",
                "analysis/SAMPLE_PAIRED_END/multiqc/dupbam_multiqc_report_data/fastp_filtered_reads_plot.txt",
                "analysis/SAMPLE_PAIRED_END/multiqc/dupbam_multiqc_report_data/multiqc.log",
                "analysis/SAMPLE_PAIRED_END/multiqc/dupbam_multiqc_report_data/multiqc_citations.txt",
                "analysis/SAMPLE_PAIRED_END/multiqc/dupbam_multiqc_report_data/multiqc_data.json",
                "analysis/SAMPLE_PAIRED_END/multiqc/dupbam_multiqc_report_data/multiqc_fastp.txt",
                "analysis/SAMPLE_PAIRED_END/multiqc/dupbam_multiqc_report_data/multiqc_general_stats.txt",
                "analysis/SAMPLE_PAIRED_END/multiqc/dupbam_multiqc_report_data/multiqc_picard_RnaSeqMetrics.txt",
                "analysis/SAMPLE_PAIRED_END/multiqc/dupbam_multiqc_report_data/multiqc_rseqc_bam_stat.txt",
                "analysis/SAMPLE_PAIRED_END/multiqc/dupbam_multiqc_report_data/multiqc_software_versions.txt",
                "analysis/SAMPLE_PAIRED_END/multiqc/dupbam_multiqc_report_data/multiqc_sources.txt",
                "analysis/SAMPLE_PAIRED_END/multiqc/dupbam_multiqc_report_data/multiqc_star.txt",
                "analysis/SAMPLE_PAIRED_END/multiqc/dupbam_multiqc_report_data/picard_MarkIlluminaAdapters_histogram.txt",
                "analysis/SAMPLE_PAIRED_END/multiqc/dupbam_multiqc_report_data/picard_MeanQualityByCycle_histogram.txt",
                "analysis/SAMPLE_PAIRED_END/multiqc/dupbam_multiqc_report_data/picard_QualityScoreDistribution_histogram.txt",
                "analysis/SAMPLE_PAIRED_END/multiqc/dupbam_multiqc_report_data/picard_rna_coverage.txt",
                "analysis/SAMPLE_PAIRED_END/multiqc/dupbam_multiqc_report_data/picard_rnaseqmetrics_assignment_plot.txt",
                "analysis/SAMPLE_PAIRED_END/multiqc/dupbam_multiqc_report_data/rseqc_bam_stat.txt",
                "analysis/SAMPLE_PAIRED_END/multiqc/dupbam_multiqc_report_data/rseqc_inner_distance.txt",
                "analysis/SAMPLE_PAIRED_END/multiqc/dupbam_multiqc_report_data/rseqc_inner_distance_plot_Counts.txt",
                "analysis/SAMPLE_PAIRED_END/multiqc/dupbam_multiqc_report_data/rseqc_inner_distance_plot_Percentages.txt",
                "analysis/SAMPLE_PAIRED_END/multiqc/dupbam_multiqc_report_data/star_alignment_plot.txt",
                "analysis/SAMPLE_PAIRED_END/multiqc/dupbam_multiqc_report_data/star_summary_table.txt",
                "analysis/SAMPLE_PAIRED_END/picard",
                "analysis/SAMPLE_PAIRED_END/picard/dup",
                "analysis/SAMPLE_PAIRED_END/picard/dup/SAMPLE_PAIRED_END.rna_metrics",
                "analysis/SAMPLE_PAIRED_END/portcullis",
                "analysis/SAMPLE_PAIRED_END/portcullis/SAMPLE_PAIRED_END.pass.junctions.bed",
                "analysis/SAMPLE_PAIRED_END/portcullis/SAMPLE_PAIRED_END.pass.junctions.exon.gff3",
                "analysis/SAMPLE_PAIRED_END/portcullis/SAMPLE_PAIRED_END.pass.junctions.intron.gff3",
                "analysis/SAMPLE_PAIRED_END/portcullis/SAMPLE_PAIRED_END.pass.junctions.tab",
                "analysis/SAMPLE_PAIRED_END/portcullis/SAMPLE_PAIRED_END.portcullis.log",
                "analysis/SAMPLE_PAIRED_END/portcullis/intermediates",
                "analysis/SAMPLE_PAIRED_END/rseqc",
                "analysis/SAMPLE_PAIRED_END/rseqc/dup",
                "analysis/SAMPLE_PAIRED_END/rseqc/dup/SAMPLE_PAIRED_END.bam_stat.txt",
                "analysis/SAMPLE_PAIRED_END/rseqc/dup/SAMPLE_PAIRED_END.inner_distance.txt",
                "analysis/SAMPLE_PAIRED_END/rseqc/dup/SAMPLE_PAIRED_END.inner_distance_freq.txt",
                "analysis/SAMPLE_PAIRED_END/rseqc/dup/SAMPLE_PAIRED_END.inner_distance_mean.txt",
                "analysis/SAMPLE_PAIRED_END/rseqc/dup/SAMPLE_PAIRED_END.inner_distance_plot.pdf",
                "analysis/SAMPLE_PAIRED_END/rseqc/dup/SAMPLE_PAIRED_END.inner_distance_plot.r",
                "analysis/SAMPLE_PAIRED_END_UMI/STAR",
                "analysis/SAMPLE_PAIRED_END_UMI/STAR/SAMPLE_PAIRED_END_UMI.Aligned.sortedByCoord.out.bam",
                "analysis/SAMPLE_PAIRED_END_UMI/STAR/SAMPLE_PAIRED_END_UMI.Aligned.sortedByCoord.out.bam.bai",
                "analysis/SAMPLE_PAIRED_END_UMI/STAR/log",
                "analysis/SAMPLE_PAIRED_END_UMI/STAR/log/SAMPLE_PAIRED_END_UMI.Log.final.out",
                "analysis/SAMPLE_PAIRED_END_UMI/STAR/log/SAMPLE_PAIRED_END_UMI.Log.out",
                "analysis/SAMPLE_PAIRED_END_UMI/STAR/log/SAMPLE_PAIRED_END_UMI.Log.progress.out",
                "analysis/SAMPLE_PAIRED_END_UMI/STAR/log/SAMPLE_PAIRED_END_UMI.SJ.out.tab",
                "analysis/SAMPLE_PAIRED_END_UMI/arriba",
                "analysis/SAMPLE_PAIRED_END_UMI/arriba/SAMPLE_PAIRED_END_UMI.fusions.discarded.tsv",
                "analysis/SAMPLE_PAIRED_END_UMI/arriba/SAMPLE_PAIRED_END_UMI.fusions.tsv",
                "analysis/SAMPLE_PAIRED_END_UMI/arriba/SAMPLE_PAIRED_END_UMI_arriba.cff",
                "analysis/SAMPLE_PAIRED_END_UMI/fastp",
                "analysis/SAMPLE_PAIRED_END_UMI/fastp/SAMPLE_PAIRED_END_UMI@SRR5665260.1.36873006@@SAMPLE_PAIRED_END_UMI_T1.fastp.html",
                "analysis/SAMPLE_PAIRED_END_UMI/fastp/SAMPLE_PAIRED_END_UMI@SRR5665260.1.36873006@@SAMPLE_PAIRED_END_UMI_T1.fastp.json",
                "analysis/SAMPLE_PAIRED_END_UMI/fastp/SAMPLE_PAIRED_END_UMI@SRR5665260.1.36873006@@SAMPLE_PAIRED_END_UMI_T1.fastp.log",
                "analysis/SAMPLE_PAIRED_END_UMI/fastp/SAMPLE_PAIRED_END_UMI@SRR5665260.1.36873006@@SAMPLE_PAIRED_END_UMI_T1_1.fastp.fastq.gz",
                "analysis/SAMPLE_PAIRED_END_UMI/fastp/SAMPLE_PAIRED_END_UMI@SRR5665260.1.36873006@@SAMPLE_PAIRED_END_UMI_T1_2.fastp.fastq.gz",
                "analysis/SAMPLE_PAIRED_END_UMI/fastp/SAMPLE_PAIRED_END_UMI@SRR5665260.1.36873006@@SAMPLE_PAIRED_END_UMI_T2.fastp.html",
                "analysis/SAMPLE_PAIRED_END_UMI/fastp/SAMPLE_PAIRED_END_UMI@SRR5665260.1.36873006@@SAMPLE_PAIRED_END_UMI_T2.fastp.json",
                "analysis/SAMPLE_PAIRED_END_UMI/fastp/SAMPLE_PAIRED_END_UMI@SRR5665260.1.36873006@@SAMPLE_PAIRED_END_UMI_T2.fastp.log",
                "analysis/SAMPLE_PAIRED_END_UMI/fastp/SAMPLE_PAIRED_END_UMI@SRR5665260.1.36873006@@SAMPLE_PAIRED_END_UMI_T2_1.fastp.fastq.gz",
                "analysis/SAMPLE_PAIRED_END_UMI/fastp/SAMPLE_PAIRED_END_UMI@SRR5665260.1.36873006@@SAMPLE_PAIRED_END_UMI_T2_2.fastp.fastq.gz",
                "analysis/SAMPLE_PAIRED_END_UMI/featurecounts",
                "analysis/SAMPLE_PAIRED_END_UMI/featurecounts/SAMPLE_PAIRED_END_UMI.gene.featureCounts.txt",
                "analysis/SAMPLE_PAIRED_END_UMI/featurecounts/SAMPLE_PAIRED_END_UMI.gene.featureCounts.txt.summary",
                "analysis/SAMPLE_PAIRED_END_UMI/multiqc",
                "analysis/SAMPLE_PAIRED_END_UMI/multiqc/dedupbam_multiqc_report.html",
                "analysis/SAMPLE_PAIRED_END_UMI/multiqc/dedupbam_multiqc_report_data",
                "analysis/SAMPLE_PAIRED_END_UMI/multiqc/dedupbam_multiqc_report_data/multiqc.log",
                "analysis/SAMPLE_PAIRED_END_UMI/multiqc/dedupbam_multiqc_report_data/multiqc_citations.txt",
                "analysis/SAMPLE_PAIRED_END_UMI/multiqc/dedupbam_multiqc_report_data/multiqc_data.json",
                "analysis/SAMPLE_PAIRED_END_UMI/multiqc/dedupbam_multiqc_report_data/multiqc_general_stats.txt",
                "analysis/SAMPLE_PAIRED_END_UMI/multiqc/dedupbam_multiqc_report_data/multiqc_picard_RnaSeqMetrics.txt",
                "analysis/SAMPLE_PAIRED_END_UMI/multiqc/dedupbam_multiqc_report_data/multiqc_rseqc_bam_stat.txt",
                "analysis/SAMPLE_PAIRED_END_UMI/multiqc/dedupbam_multiqc_report_data/multiqc_software_versions.txt",
                "analysis/SAMPLE_PAIRED_END_UMI/multiqc/dedupbam_multiqc_report_data/multiqc_sources.txt",
                "analysis/SAMPLE_PAIRED_END_UMI/multiqc/dedupbam_multiqc_report_data/multiqc_umitools_dedup.txt",
                "analysis/SAMPLE_PAIRED_END_UMI/multiqc/dedupbam_multiqc_report_data/multiqc_umitools_extract.txt",
                "analysis/SAMPLE_PAIRED_END_UMI/multiqc/dedupbam_multiqc_report_data/picard_MarkIlluminaAdapters_histogram.txt",
                "analysis/SAMPLE_PAIRED_END_UMI/multiqc/dedupbam_multiqc_report_data/picard_MeanQualityByCycle_histogram.txt",
                "analysis/SAMPLE_PAIRED_END_UMI/multiqc/dedupbam_multiqc_report_data/picard_QualityScoreDistribution_histogram.txt",
                "analysis/SAMPLE_PAIRED_END_UMI/multiqc/dedupbam_multiqc_report_data/picard_rna_coverage.txt",
                "analysis/SAMPLE_PAIRED_END_UMI/multiqc/dedupbam_multiqc_report_data/picard_rnaseqmetrics_assignment_plot.txt",
                "analysis/SAMPLE_PAIRED_END_UMI/multiqc/dedupbam_multiqc_report_data/rseqc_bam_stat.txt",
                "analysis/SAMPLE_PAIRED_END_UMI/multiqc/dedupbam_multiqc_report_data/rseqc_inner_distance.txt",
                "analysis/SAMPLE_PAIRED_END_UMI/multiqc/dedupbam_multiqc_report_data/rseqc_inner_distance_plot_Counts.txt",
                "analysis/SAMPLE_PAIRED_END_UMI/multiqc/dedupbam_multiqc_report_data/rseqc_inner_distance_plot_Percentages.txt",
                "analysis/SAMPLE_PAIRED_END_UMI/multiqc/dedupbam_multiqc_report_data/umitools_deduplication_barplot.txt",
                "analysis/SAMPLE_PAIRED_END_UMI/multiqc/dedupbam_multiqc_report_data/umitools_stats_violin.txt",
                "analysis/SAMPLE_PAIRED_END_UMI/multiqc/dupbam_multiqc_report.html",
                "analysis/SAMPLE_PAIRED_END_UMI/multiqc/dupbam_multiqc_report_data",
                "analysis/SAMPLE_PAIRED_END_UMI/multiqc/dupbam_multiqc_report_data/fastp-insert-size-plot.txt",
                "analysis/SAMPLE_PAIRED_END_UMI/multiqc/dupbam_multiqc_report_data/fastp-seq-content-gc-plot_Read_1_After_filtering.txt",
                "analysis/SAMPLE_PAIRED_END_UMI/multiqc/dupbam_multiqc_report_data/fastp-seq-content-gc-plot_Read_1_Before_filtering.txt",
                "analysis/SAMPLE_PAIRED_END_UMI/multiqc/dupbam_multiqc_report_data/fastp-seq-content-gc-plot_Read_2_After_filtering.txt",
                "analysis/SAMPLE_PAIRED_END_UMI/multiqc/dupbam_multiqc_report_data/fastp-seq-content-gc-plot_Read_2_Before_filtering.txt",
                "analysis/SAMPLE_PAIRED_END_UMI/multiqc/dupbam_multiqc_report_data/fastp-seq-content-n-plot_Read_1_After_filtering.txt",
                "analysis/SAMPLE_PAIRED_END_UMI/multiqc/dupbam_multiqc_report_data/fastp-seq-content-n-plot_Read_1_Before_filtering.txt",
                "analysis/SAMPLE_PAIRED_END_UMI/multiqc/dupbam_multiqc_report_data/fastp-seq-content-n-plot_Read_2_After_filtering.txt",
                "analysis/SAMPLE_PAIRED_END_UMI/multiqc/dupbam_multiqc_report_data/fastp-seq-content-n-plot_Read_2_Before_filtering.txt",
                "analysis/SAMPLE_PAIRED_END_UMI/multiqc/dupbam_multiqc_report_data/fastp-seq-quality-plot_Read_1_After_filtering.txt",
                "analysis/SAMPLE_PAIRED_END_UMI/multiqc/dupbam_multiqc_report_data/fastp-seq-quality-plot_Read_1_Before_filtering.txt",
                "analysis/SAMPLE_PAIRED_END_UMI/multiqc/dupbam_multiqc_report_data/fastp-seq-quality-plot_Read_2_After_filtering.txt",
                "analysis/SAMPLE_PAIRED_END_UMI/multiqc/dupbam_multiqc_report_data/fastp-seq-quality-plot_Read_2_Before_filtering.txt",
                "analysis/SAMPLE_PAIRED_END_UMI/multiqc/dupbam_multiqc_report_data/fastp_filtered_reads_plot.txt",
                "analysis/SAMPLE_PAIRED_END_UMI/multiqc/dupbam_multiqc_report_data/multiqc.log",
                "analysis/SAMPLE_PAIRED_END_UMI/multiqc/dupbam_multiqc_report_data/multiqc_citations.txt",
                "analysis/SAMPLE_PAIRED_END_UMI/multiqc/dupbam_multiqc_report_data/multiqc_data.json",
                "analysis/SAMPLE_PAIRED_END_UMI/multiqc/dupbam_multiqc_report_data/multiqc_fastp.txt",
                "analysis/SAMPLE_PAIRED_END_UMI/multiqc/dupbam_multiqc_report_data/multiqc_general_stats.txt",
                "analysis/SAMPLE_PAIRED_END_UMI/multiqc/dupbam_multiqc_report_data/multiqc_picard_RnaSeqMetrics.txt",
                "analysis/SAMPLE_PAIRED_END_UMI/multiqc/dupbam_multiqc_report_data/multiqc_rseqc_bam_stat.txt",
                "analysis/SAMPLE_PAIRED_END_UMI/multiqc/dupbam_multiqc_report_data/multiqc_software_versions.txt",
                "analysis/SAMPLE_PAIRED_END_UMI/multiqc/dupbam_multiqc_report_data/multiqc_sources.txt",
                "analysis/SAMPLE_PAIRED_END_UMI/multiqc/dupbam_multiqc_report_data/multiqc_star.txt",
                "analysis/SAMPLE_PAIRED_END_UMI/multiqc/dupbam_multiqc_report_data/picard_MarkIlluminaAdapters_histogram.txt",
                "analysis/SAMPLE_PAIRED_END_UMI/multiqc/dupbam_multiqc_report_data/picard_MeanQualityByCycle_histogram.txt",
                "analysis/SAMPLE_PAIRED_END_UMI/multiqc/dupbam_multiqc_report_data/picard_QualityScoreDistribution_histogram.txt",
                "analysis/SAMPLE_PAIRED_END_UMI/multiqc/dupbam_multiqc_report_data/picard_rna_coverage.txt",
                "analysis/SAMPLE_PAIRED_END_UMI/multiqc/dupbam_multiqc_report_data/picard_rnaseqmetrics_assignment_plot.txt",
                "analysis/SAMPLE_PAIRED_END_UMI/multiqc/dupbam_multiqc_report_data/rseqc_bam_stat.txt",
                "analysis/SAMPLE_PAIRED_END_UMI/multiqc/dupbam_multiqc_report_data/rseqc_inner_distance.txt",
                "analysis/SAMPLE_PAIRED_END_UMI/multiqc/dupbam_multiqc_report_data/rseqc_inner_distance_plot_Counts.txt",
                "analysis/SAMPLE_PAIRED_END_UMI/multiqc/dupbam_multiqc_report_data/rseqc_inner_distance_plot_Percentages.txt",
                "analysis/SAMPLE_PAIRED_END_UMI/multiqc/dupbam_multiqc_report_data/star_alignment_plot.txt",
                "analysis/SAMPLE_PAIRED_END_UMI/multiqc/dupbam_multiqc_report_data/star_summary_table.txt",
                "analysis/SAMPLE_PAIRED_END_UMI/picard",
                "analysis/SAMPLE_PAIRED_END_UMI/picard/dedup",
                "analysis/SAMPLE_PAIRED_END_UMI/picard/dedup/SAMPLE_PAIRED_END_UMI.rna_metrics",
                "analysis/SAMPLE_PAIRED_END_UMI/picard/dup",
                "analysis/SAMPLE_PAIRED_END_UMI/picard/dup/SAMPLE_PAIRED_END_UMI.rna_metrics",
                "analysis/SAMPLE_PAIRED_END_UMI/portcullis",
                "analysis/SAMPLE_PAIRED_END_UMI/portcullis/SAMPLE_PAIRED_END_UMI.pass.junctions.bed",
                "analysis/SAMPLE_PAIRED_END_UMI/portcullis/SAMPLE_PAIRED_END_UMI.pass.junctions.exon.gff3",
                "analysis/SAMPLE_PAIRED_END_UMI/portcullis/SAMPLE_PAIRED_END_UMI.pass.junctions.intron.gff3",
                "analysis/SAMPLE_PAIRED_END_UMI/portcullis/SAMPLE_PAIRED_END_UMI.pass.junctions.tab",
                "analysis/SAMPLE_PAIRED_END_UMI/portcullis/SAMPLE_PAIRED_END_UMI.portcullis.log",
                "analysis/SAMPLE_PAIRED_END_UMI/portcullis/intermediates",
                "analysis/SAMPLE_PAIRED_END_UMI/rseqc",
                "analysis/SAMPLE_PAIRED_END_UMI/rseqc/dedup",
                "analysis/SAMPLE_PAIRED_END_UMI/rseqc/dedup/SAMPLE_PAIRED_END_UMI.bam_stat.txt",
                "analysis/SAMPLE_PAIRED_END_UMI/rseqc/dedup/SAMPLE_PAIRED_END_UMI.inner_distance.txt",
                "analysis/SAMPLE_PAIRED_END_UMI/rseqc/dedup/SAMPLE_PAIRED_END_UMI.inner_distance_freq.txt",
                "analysis/SAMPLE_PAIRED_END_UMI/rseqc/dedup/SAMPLE_PAIRED_END_UMI.inner_distance_mean.txt",
                "analysis/SAMPLE_PAIRED_END_UMI/rseqc/dedup/SAMPLE_PAIRED_END_UMI.inner_distance_plot.pdf",
                "analysis/SAMPLE_PAIRED_END_UMI/rseqc/dedup/SAMPLE_PAIRED_END_UMI.inner_distance_plot.r",
                "analysis/SAMPLE_PAIRED_END_UMI/rseqc/dup",
                "analysis/SAMPLE_PAIRED_END_UMI/rseqc/dup/SAMPLE_PAIRED_END_UMI.bam_stat.txt",
                "analysis/SAMPLE_PAIRED_END_UMI/rseqc/dup/SAMPLE_PAIRED_END_UMI.inner_distance.txt",
                "analysis/SAMPLE_PAIRED_END_UMI/rseqc/dup/SAMPLE_PAIRED_END_UMI.inner_distance_freq.txt",
                "analysis/SAMPLE_PAIRED_END_UMI/rseqc/dup/SAMPLE_PAIRED_END_UMI.inner_distance_mean.txt",
                "analysis/SAMPLE_PAIRED_END_UMI/rseqc/dup/SAMPLE_PAIRED_END_UMI.inner_distance_plot.pdf",
                "analysis/SAMPLE_PAIRED_END_UMI/rseqc/dup/SAMPLE_PAIRED_END_UMI.inner_distance_plot.r",
                "analysis/SAMPLE_PAIRED_END_UMI/umitools",
                "analysis/SAMPLE_PAIRED_END_UMI/umitools/dedup",
                "analysis/SAMPLE_PAIRED_END_UMI/umitools/dedup/SAMPLE_PAIRED_END_UMI.dedup.bam",
                "analysis/SAMPLE_PAIRED_END_UMI/umitools/dedup/SAMPLE_PAIRED_END_UMI.dedup.bam.bai",
                "analysis/SAMPLE_PAIRED_END_UMI/umitools/dedup/logs",
                "analysis/SAMPLE_PAIRED_END_UMI/umitools/dedup/logs/SAMPLE_PAIRED_END_UMI.dedup_edit_distance.tsv",
                "analysis/SAMPLE_PAIRED_END_UMI/umitools/dedup/logs/SAMPLE_PAIRED_END_UMI.dedup_per_umi.tsv",
                "analysis/SAMPLE_PAIRED_END_UMI/umitools/dedup/logs/SAMPLE_PAIRED_END_UMI.dedup_per_umi_per_position.tsv",
                "analysis/SAMPLE_PAIRED_END_UMI/umitools/extract",
                "analysis/SAMPLE_PAIRED_END_UMI/umitools/extract/logs",
                "analysis/SAMPLE_PAIRED_END_UMI/umitools/extract/logs/SAMPLE_PAIRED_END_UMI@SRR5665260.1.36873006@@SAMPLE_PAIRED_END_UMI_T1.umi_extract.log",
                "analysis/SAMPLE_PAIRED_END_UMI/umitools/extract/logs/SAMPLE_PAIRED_END_UMI@SRR5665260.1.36873006@@SAMPLE_PAIRED_END_UMI_T2.umi_extract.log"
            ],
            [
                "SAMPLE_PAIRED_END.Aligned.sortedByCoord.out.bam:md5,4d6fffc901bf73ec91336c3c977eba65",
                "SAMPLE_PAIRED_END.Aligned.sortedByCoord.out.bam.bai:md5,e8ca44a4f0f25700862f890439058e90",
                "SAMPLE_PAIRED_END.SJ.out.tab:md5,6520cdbb7af487d58c04496f2202ae0c",
                "SAMPLE_PAIRED_END.fusions.discarded.tsv:md5,f519c32b31f24e83cf5ec5f5df36a227",
                "SAMPLE_PAIRED_END.fusions.tsv:md5,7c3383f7eb6d79b84b0bd30a7ef02d70",
                "SAMPLE_PAIRED_END_arriba.cff:md5,d41d8cd98f00b204e9800998ecf8427e",
                "SAMPLE_PAIRED_END@SRR5665260.1.36873006@@SAMPLE_PAIRED_END_T1_1.fastp.fastq.gz:md5,c01c30082956f990c991505116e080f7",
                "SAMPLE_PAIRED_END@SRR5665260.1.36873006@@SAMPLE_PAIRED_END_T1_2.fastp.fastq.gz:md5,314744ed8805b87abb855c8e6b82a4f8",
                "SAMPLE_PAIRED_END@SRR6357070.25017281@@SAMPLE_PAIRED_END_T2_1.fastp.fastq.gz:md5,178aa4e048720a05e4be06150ddbcd9a",
                "SAMPLE_PAIRED_END@SRR6357070.25017281@@SAMPLE_PAIRED_END_T2_2.fastp.fastq.gz:md5,56cf8130ebd79d34880b66ae22ae73c3",
                "SAMPLE_PAIRED_END.gene.featureCounts.txt:md5,a055a1e532721acbf006c0f5dd5c89de",
                "SAMPLE_PAIRED_END.gene.featureCounts.txt.summary:md5,5ee1121a32c35933d16d7942bf41f5dc",
                "SAMPLE_PAIRED_END.pass.junctions.bed:md5,627772a49b919129c10eeaaec9400f01",
                "SAMPLE_PAIRED_END.pass.junctions.exon.gff3:md5,2265700615db810ff6a238d983a3d548",
                "SAMPLE_PAIRED_END.pass.junctions.intron.gff3:md5,9d61e1a25d5c58894e704a680f40435e",
                "SAMPLE_PAIRED_END.pass.junctions.tab:md5,4a772039ecd84cf90adf43a84b88975a",
                "SAMPLE_PAIRED_END.bam_stat.txt:md5,a70988bef13d71021751b5b101631b10",
                "SAMPLE_PAIRED_END.inner_distance.txt:md5,42ea9ca9d8535a7bc26d08760289d0cb",
                "SAMPLE_PAIRED_END.inner_distance_freq.txt:md5,6d2200c1a8a750449e75086ebfa33d70",
                "SAMPLE_PAIRED_END.inner_distance_mean.txt:md5,65920fe115889a5b4a8f643cdb973c16",
                "SAMPLE_PAIRED_END.inner_distance_plot.r:md5,b46cfdace01a550aa7521243c4606d41",
                "SAMPLE_PAIRED_END_UMI.Aligned.sortedByCoord.out.bam:md5,6b2b22762b3b1af993386f9867e54006",
                "SAMPLE_PAIRED_END_UMI.Aligned.sortedByCoord.out.bam.bai:md5,22cddc61a823f52c4a074b85a9dcc181",
                "SAMPLE_PAIRED_END_UMI.SJ.out.tab:md5,b46cb94829fc7279d447eea2b4d3f1b7",
                "SAMPLE_PAIRED_END_UMI.fusions.discarded.tsv:md5,5caa821f01e23b99e90eb0d85c2f6018",
                "SAMPLE_PAIRED_END_UMI.fusions.tsv:md5,7c3383f7eb6d79b84b0bd30a7ef02d70",
                "SAMPLE_PAIRED_END_UMI_arriba.cff:md5,d41d8cd98f00b204e9800998ecf8427e",
                "SAMPLE_PAIRED_END_UMI@SRR5665260.1.36873006@@SAMPLE_PAIRED_END_UMI_T1_1.fastp.fastq.gz:md5,6741d8444976807f6e3cd5d770474d4d",
                "SAMPLE_PAIRED_END_UMI@SRR5665260.1.36873006@@SAMPLE_PAIRED_END_UMI_T1_2.fastp.fastq.gz:md5,882962186d3e04042b89868e70630b52",
                "SAMPLE_PAIRED_END_UMI@SRR5665260.1.36873006@@SAMPLE_PAIRED_END_UMI_T2_1.fastp.fastq.gz:md5,6741d8444976807f6e3cd5d770474d4d",
                "SAMPLE_PAIRED_END_UMI@SRR5665260.1.36873006@@SAMPLE_PAIRED_END_UMI_T2_2.fastp.fastq.gz:md5,882962186d3e04042b89868e70630b52",
                "SAMPLE_PAIRED_END_UMI.gene.featureCounts.txt:md5,52eb86160d3059e026492b8a126b211b",
                "SAMPLE_PAIRED_END_UMI.gene.featureCounts.txt.summary:md5,bd09f65422064c959cbebae39fbb6567",
                "SAMPLE_PAIRED_END_UMI.pass.junctions.bed:md5,9bd18b864a74e25a67b7676f768ef8aa",
                "SAMPLE_PAIRED_END_UMI.pass.junctions.exon.gff3:md5,167e6024523d994923b519e8a6ad6db1",
                "SAMPLE_PAIRED_END_UMI.pass.junctions.intron.gff3:md5,216e0ecb871a70cab587a642b393cc64",
                "SAMPLE_PAIRED_END_UMI.pass.junctions.tab:md5,ff9f6b7e448a664c1749cf603a81aa8e",
                "SAMPLE_PAIRED_END_UMI.bam_stat.txt:md5,a67f37c712f412c0cad89ca52f0cabbe",
                "SAMPLE_PAIRED_END_UMI.inner_distance.txt:md5,04c3276d4b4ec4d72061c47145fb9c3b",
                "SAMPLE_PAIRED_END_UMI.inner_distance_freq.txt:md5,b97fee5122897c644533a250bb4b14d2",
                "SAMPLE_PAIRED_END_UMI.inner_distance_mean.txt:md5,63e5750648e63cefc27e5afafd534339",
                "SAMPLE_PAIRED_END_UMI.inner_distance_plot.r:md5,77f0665d7c793fa821cd036925b1aab5",
                "SAMPLE_PAIRED_END_UMI.bam_stat.txt:md5,1cf191665800259678240ffaed7a4f58",
                "SAMPLE_PAIRED_END_UMI.inner_distance.txt:md5,bb437830179abb2d7a72060226dc095f",
                "SAMPLE_PAIRED_END_UMI.inner_distance_freq.txt:md5,a8c2c4ca49572c20074f6025a7092d03",
                "SAMPLE_PAIRED_END_UMI.inner_distance_mean.txt:md5,d60c452f6359154ff195c6f76600ee9c",
                "SAMPLE_PAIRED_END_UMI.inner_distance_plot.r:md5,f3692e949cb81e4530386cdffd00794b",
                "SAMPLE_PAIRED_END_UMI.dedup.bam:md5,5b3ba39153efdfecc7ed719db9c768a7",
                "SAMPLE_PAIRED_END_UMI.dedup.bam.bai:md5,0f5495b56c93d377c606fb10c90ae9eb",
                "SAMPLE_PAIRED_END_UMI.dedup_edit_distance.tsv:md5,9cc338b58a6fecf42e5c9ff24df54ef3",
                "SAMPLE_PAIRED_END_UMI.dedup_per_umi.tsv:md5,e03c28b6b0e8f724bb91b3bd54dc2ba7",
                "SAMPLE_PAIRED_END_UMI.dedup_per_umi_per_position.tsv:md5,27dd4c06661f02ccf24cfe0d62bf9486",
                "kallisto:md5,f077f8b81234cbd2e475f5cd69069517",
                "versions.yml:md5,0434e31e19948a166c0c8f4e7497e806",
                "smallGRCh37.metafusion.gene.bed:md5,4373a0ab0ee589753d29291a7cbd599d",
                "versions.yml:md5,b10fbcb42401fdbfd5bb2077fa3b7c89",
                "smallGRCh37.intron.gff:md5,d4b5b806927c7ad2ad6146231f1c4def",
                "versions.yml:md5,41d7bfe12e4dd77b57c58502a957981b",
                "Genome:md5,a654229fbca6071dcb6b01ce7df704da",
                "SA:md5,8c3edc46697b72c9e92440d4cf43506c",
                "SAindex:md5,d0fbf2789ee1e9f60c352ba3655d9de4",
                "chrLength.txt:md5,c81f40f27e72606d7d07097c1d56a5b5",
                "chrName.txt:md5,5ae68a67b70976ee95342a7451cb5af1",
                "chrNameLength.txt:md5,b190587cae0531f3cf25552d8aa674db",
                "chrStart.txt:md5,8d3291e6bcdbe9902fbd7c887494173f",
                "exonGeTrInfo.tab:md5,72d4dd88d25e3c5b0bb72b12b4ac99a8",
                "exonInfo.tab:md5,0d560290fab688b7268d88d5494bf9fe",
                "geneInfo.tab:md5,8b608537307443ffaee4927d2b428805",
                "genomeParameters.txt:md5,2af894b082afb598240dc1ccf5919505",
                "sjdbInfo.txt:md5,5690ea9d9f09f7ff85b7fd47bd234903",
                "sjdbList.fromGTF.out.tab:md5,8760c33e966dad0b39f440301ebbdee4",
                "sjdbList.out.tab:md5,9e4f991abbbfeb3935a2bb21b9e258f1",
                "transcriptInfo.tab:md5,0c3a5adb49d15e5feff81db8e29f2e36",
                "versions.yml:md5,1b169aa7d0cbd48e183351f9f57569b4"
            ],
            "multiqc_general_stats.txt:md5,4115e18b2e393096ac1702316bb14a2a",
            "multiqc_general_stats.txt:md5,5da246d6f8f6f9a489bb360c4fdd2c97",
            2,
            7
        ],
        "meta": {
            "nf-test": "0.9.2",
            "nextflow": "24.10.6"
        },
        "timestamp": "2025-05-21T23:14:15.930383"
    }
}